Archive member included because of file (symbol)

C:/Freescale/CW MCU v10.3/MCU/ARM_GCC_Support/ewl/lib/armv6-m\libc.a(exit.o)
                              ./Project_Settings/Startup_Code/__arm_start_c.obj (exit)
C:/Freescale/CW MCU v10.3/MCU/ARM_GCC_Support/ewl/lib/armv6-m\libc.a(memset.o)
                              ./Project_Settings/Startup_Code/__arm_start_c.obj (memset)
C:/Freescale/CW MCU v10.3/MCU/ARM_GCC_Support/ewl/lib/armv6-m\libc.a(printformat_.o)
                              (__pformatter_)
C:/Freescale/CW MCU v10.3/MCU/ARM_GCC_Support/ewl/lib/armv6-m\libc.a(scanformat_.o)
                              (__sformatter)
C:/Freescale/CW MCU v10.3/MCU/ARM_GCC_Support/ewl/lib/armv6-m\libc.a(ctype_aeabi.o)
                              C:/Freescale/CW MCU v10.3/MCU/ARM_GCC_Support/ewl/lib/armv6-m\libc.a(scanformat_.o) (isspace)
C:/Freescale/CW MCU v10.3/MCU/ARM_GCC_Support/ewl/lib/armv6-m\libc.a(__strtoul.o)
                              C:/Freescale/CW MCU v10.3/MCU/ARM_GCC_Support/ewl/lib/armv6-m\libc.a(scanformat_.o) (__strtoul)
C:/Freescale/CW MCU v10.3/MCU/ARM_GCC_Support/ewl/lib/armv6-m\libc.a(__filll_mem.o)
                              C:/Freescale/CW MCU v10.3/MCU/ARM_GCC_Support/ewl/lib/armv6-m\libc.a(memset.o) (__fill_mem)
C:/Freescale/CW MCU v10.3/MCU/ARM_GCC_Support/ewl/lib/armv6-m\libc.a(memchr.o)
                              C:/Freescale/CW MCU v10.3/MCU/ARM_GCC_Support/ewl/lib/armv6-m\libc.a(printformat_.o) (memchr)
C:/Freescale/CW MCU v10.3/MCU/ARM_GCC_Support/ewl/lib/armv6-m\libc.a(strchr.o)
                              C:/Freescale/CW MCU v10.3/MCU/ARM_GCC_Support/ewl/lib/armv6-m\libc.a(printformat_.o) (strchr)
C:/Freescale/CW MCU v10.3/MCU/ARM_GCC_Support/ewl/lib/armv6-m\libc.a(strlen.o)
                              C:/Freescale/CW MCU v10.3/MCU/ARM_GCC_Support/ewl/lib/armv6-m\libc.a(printformat_.o) (strlen)
c:/freescale/cw mcu v10.3/cross_tools/arm-none-eabi-gcc-4_6_2/bin/../lib/gcc/arm-none-eabi/4.6.2/armv6-m\libgcc.a(_thumb1_case_uqi.o)
                              C:/Freescale/CW MCU v10.3/MCU/ARM_GCC_Support/ewl/lib/armv6-m\libc.a(scanformat_.o) (__gnu_thumb1_case_uqi)
c:/freescale/cw mcu v10.3/cross_tools/arm-none-eabi-gcc-4_6_2/bin/../lib/gcc/arm-none-eabi/4.6.2/armv6-m\libgcc.a(_udivsi3.o)
                              C:/Freescale/CW MCU v10.3/MCU/ARM_GCC_Support/ewl/lib/armv6-m\libc.a(printformat_.o) (__aeabi_uidiv)
c:/freescale/cw mcu v10.3/cross_tools/arm-none-eabi-gcc-4_6_2/bin/../lib/gcc/arm-none-eabi/4.6.2/armv6-m\libgcc.a(_dvmd_tls.o)
                              c:/freescale/cw mcu v10.3/cross_tools/arm-none-eabi-gcc-4_6_2/bin/../lib/gcc/arm-none-eabi/4.6.2/armv6-m\libgcc.a(_udivsi3.o) (__aeabi_idiv0)
C:/Freescale/CW MCU v10.3/MCU/ARM_GCC_Support/ewl/lib/armv6-m\librt.a(gcc_ctor_dtor.o)
                              ./Project_Settings/Startup_Code/__arm_start_c.obj (__init_cpp)
C:/Freescale/CW MCU v10.3/MCU/ARM_GCC_Support/ewl/lib/armv6-m\librt.a(ROMCopy.o)
                              ./Project_Settings/Startup_Code/__arm_start_c.obj (__copy_rom_sections_to_ram)
C:/Freescale/CW MCU v10.3/MCU/ARM_GCC_Support/ewl/lib/armv6-m\librt.a(__arm_eabi_init.o)
                              C:/Freescale/CW MCU v10.3/MCU/ARM_GCC_Support/ewl/lib/armv6-m\libc.a(exit.o) (__destroy_global_chain)

Discarded input sections

 .text          0x00000000        0x0 ./Sources/LED_c.obj
 .data          0x00000000        0x0 ./Sources/LED_c.obj
 .bss           0x00000000        0x0 ./Sources/LED_c.obj
 .text.Led_Off  0x00000000       0x50 ./Sources/LED_c.obj
 .text          0x00000000        0x0 ./Sources/MCG_c.obj
 .data          0x00000000        0x0 ./Sources/MCG_c.obj
 .bss           0x00000000        0x0 ./Sources/MCG_c.obj
 .text          0x00000000        0x0 ./Sources/MCU_init_c.obj
 .data          0x00000000        0x0 ./Sources/MCU_init_c.obj
 .bss           0x00000000        0x0 ./Sources/MCU_init_c.obj
 .text          0x00000000        0x0 ./Sources/Puertos_c.obj
 .data          0x00000000        0x0 ./Sources/Puertos_c.obj
 .bss           0x00000000        0x0 ./Sources/Puertos_c.obj
 .text          0x00000000        0x0 ./Sources/UART_c.obj
 .data          0x00000000        0x0 ./Sources/UART_c.obj
 .bss           0x00000000        0x0 ./Sources/UART_c.obj
 .text          0x00000000        0x0 ./Sources/main_c.obj
 .data          0x00000000        0x0 ./Sources/main_c.obj
 .bss           0x00000000        0x0 ./Sources/main_c.obj
 .text          0x00000000        0x0 ./Sources/sa_mtb_c.obj
 .data          0x00000000        0x0 ./Sources/sa_mtb_c.obj
 .bss           0x00000000        0x0 ./Sources/sa_mtb_c.obj
 .debug_info    0x00000000       0x29 ./Sources/sa_mtb_c.obj
 .debug_abbrev  0x00000000       0x16 ./Sources/sa_mtb_c.obj
 .debug_line    0x00000000       0xaa ./Sources/sa_mtb_c.obj
 .debug_macinfo
                0x00000000     0x22e5 ./Sources/sa_mtb_c.obj
 .debug_str     0x00000000       0x9c ./Sources/sa_mtb_c.obj
 .comment       0x00000000       0x7a ./Sources/sa_mtb_c.obj
 .ARM.attributes
                0x00000000       0x31 ./Sources/sa_mtb_c.obj
 .text          0x00000000        0x0 ./Project_Settings/Startup_Code/__arm_end_c.obj
 .data          0x00000000        0x0 ./Project_Settings/Startup_Code/__arm_end_c.obj
 .bss           0x00000000        0x0 ./Project_Settings/Startup_Code/__arm_end_c.obj
 .text          0x00000000        0x0 ./Project_Settings/Startup_Code/__arm_start_c.obj
 .data          0x00000000        0x0 ./Project_Settings/Startup_Code/__arm_start_c.obj
 .bss           0x00000000        0x0 ./Project_Settings/Startup_Code/__arm_start_c.obj
 .text.__iar_program_start
                0x00000000        0x4 ./Project_Settings/Startup_Code/__arm_start_c.obj
 .text          0x00000000        0x0 ./Project_Settings/Startup_Code/kinetis_sysinit_c.obj
 .data          0x00000000        0x0 ./Project_Settings/Startup_Code/kinetis_sysinit_c.obj
 .bss           0x00000000        0x0 ./Project_Settings/Startup_Code/kinetis_sysinit_c.obj
 .text          0x00000000        0x0 C:/Freescale/CW MCU v10.3/MCU/ARM_GCC_Support/ewl/lib/armv6-m\libc.a(exit.o)
 .data          0x00000000        0x0 C:/Freescale/CW MCU v10.3/MCU/ARM_GCC_Support/ewl/lib/armv6-m\libc.a(exit.o)
 .bss           0x00000000        0x0 C:/Freescale/CW MCU v10.3/MCU/ARM_GCC_Support/ewl/lib/armv6-m\libc.a(exit.o)
 .text          0x00000000        0x0 C:/Freescale/CW MCU v10.3/MCU/ARM_GCC_Support/ewl/lib/armv6-m\libc.a(memset.o)
 .data          0x00000000        0x0 C:/Freescale/CW MCU v10.3/MCU/ARM_GCC_Support/ewl/lib/armv6-m\libc.a(memset.o)
 .bss           0x00000000        0x0 C:/Freescale/CW MCU v10.3/MCU/ARM_GCC_Support/ewl/lib/armv6-m\libc.a(memset.o)
 .text          0x00000000        0x0 C:/Freescale/CW MCU v10.3/MCU/ARM_GCC_Support/ewl/lib/armv6-m\libc.a(printformat_.o)
 .data          0x00000000        0x0 C:/Freescale/CW MCU v10.3/MCU/ARM_GCC_Support/ewl/lib/armv6-m\libc.a(printformat_.o)
 .bss           0x00000000        0x0 C:/Freescale/CW MCU v10.3/MCU/ARM_GCC_Support/ewl/lib/armv6-m\libc.a(printformat_.o)
 .text          0x00000000        0x0 C:/Freescale/CW MCU v10.3/MCU/ARM_GCC_Support/ewl/lib/armv6-m\libc.a(scanformat_.o)
 .data          0x00000000        0x0 C:/Freescale/CW MCU v10.3/MCU/ARM_GCC_Support/ewl/lib/armv6-m\libc.a(scanformat_.o)
 .bss           0x00000000        0x0 C:/Freescale/CW MCU v10.3/MCU/ARM_GCC_Support/ewl/lib/armv6-m\libc.a(scanformat_.o)
 .text          0x00000000        0x0 C:/Freescale/CW MCU v10.3/MCU/ARM_GCC_Support/ewl/lib/armv6-m\libc.a(ctype_aeabi.o)
 .data          0x00000000        0x0 C:/Freescale/CW MCU v10.3/MCU/ARM_GCC_Support/ewl/lib/armv6-m\libc.a(ctype_aeabi.o)
 .bss           0x00000000        0x0 C:/Freescale/CW MCU v10.3/MCU/ARM_GCC_Support/ewl/lib/armv6-m\libc.a(ctype_aeabi.o)
 .text.isalnum  0x00000000       0x1c C:/Freescale/CW MCU v10.3/MCU/ARM_GCC_Support/ewl/lib/armv6-m\libc.a(ctype_aeabi.o)
 .text.iscntrl  0x00000000       0x20 C:/Freescale/CW MCU v10.3/MCU/ARM_GCC_Support/ewl/lib/armv6-m\libc.a(ctype_aeabi.o)
 .text.isdigit  0x00000000        0xe C:/Freescale/CW MCU v10.3/MCU/ARM_GCC_Support/ewl/lib/armv6-m\libc.a(ctype_aeabi.o)
 .text.isgraph  0x00000000       0x1c C:/Freescale/CW MCU v10.3/MCU/ARM_GCC_Support/ewl/lib/armv6-m\libc.a(ctype_aeabi.o)
 .text.islower  0x00000000       0x20 C:/Freescale/CW MCU v10.3/MCU/ARM_GCC_Support/ewl/lib/armv6-m\libc.a(ctype_aeabi.o)
 .text.isprint  0x00000000       0x1c C:/Freescale/CW MCU v10.3/MCU/ARM_GCC_Support/ewl/lib/armv6-m\libc.a(ctype_aeabi.o)
 .text.ispunct  0x00000000       0x20 C:/Freescale/CW MCU v10.3/MCU/ARM_GCC_Support/ewl/lib/armv6-m\libc.a(ctype_aeabi.o)
 .text.isupper  0x00000000       0x20 C:/Freescale/CW MCU v10.3/MCU/ARM_GCC_Support/ewl/lib/armv6-m\libc.a(ctype_aeabi.o)
 .text.isxdigit
                0x00000000       0x20 C:/Freescale/CW MCU v10.3/MCU/ARM_GCC_Support/ewl/lib/armv6-m\libc.a(ctype_aeabi.o)
 .text.isblank  0x00000000       0x24 C:/Freescale/CW MCU v10.3/MCU/ARM_GCC_Support/ewl/lib/armv6-m\libc.a(ctype_aeabi.o)
 .text.tolower  0x00000000        0xe C:/Freescale/CW MCU v10.3/MCU/ARM_GCC_Support/ewl/lib/armv6-m\libc.a(ctype_aeabi.o)
 .text          0x00000000        0x0 C:/Freescale/CW MCU v10.3/MCU/ARM_GCC_Support/ewl/lib/armv6-m\libc.a(__strtoul.o)
 .data          0x00000000        0x0 C:/Freescale/CW MCU v10.3/MCU/ARM_GCC_Support/ewl/lib/armv6-m\libc.a(__strtoul.o)
 .bss           0x00000000        0x0 C:/Freescale/CW MCU v10.3/MCU/ARM_GCC_Support/ewl/lib/armv6-m\libc.a(__strtoul.o)
 .text          0x00000000        0x0 C:/Freescale/CW MCU v10.3/MCU/ARM_GCC_Support/ewl/lib/armv6-m\libc.a(__filll_mem.o)
 .data          0x00000000        0x0 C:/Freescale/CW MCU v10.3/MCU/ARM_GCC_Support/ewl/lib/armv6-m\libc.a(__filll_mem.o)
 .bss           0x00000000        0x0 C:/Freescale/CW MCU v10.3/MCU/ARM_GCC_Support/ewl/lib/armv6-m\libc.a(__filll_mem.o)
 .text          0x00000000        0x0 C:/Freescale/CW MCU v10.3/MCU/ARM_GCC_Support/ewl/lib/armv6-m\libc.a(memchr.o)
 .data          0x00000000        0x0 C:/Freescale/CW MCU v10.3/MCU/ARM_GCC_Support/ewl/lib/armv6-m\libc.a(memchr.o)
 .bss           0x00000000        0x0 C:/Freescale/CW MCU v10.3/MCU/ARM_GCC_Support/ewl/lib/armv6-m\libc.a(memchr.o)
 .text          0x00000000        0x0 C:/Freescale/CW MCU v10.3/MCU/ARM_GCC_Support/ewl/lib/armv6-m\libc.a(strchr.o)
 .data          0x00000000        0x0 C:/Freescale/CW MCU v10.3/MCU/ARM_GCC_Support/ewl/lib/armv6-m\libc.a(strchr.o)
 .bss           0x00000000        0x0 C:/Freescale/CW MCU v10.3/MCU/ARM_GCC_Support/ewl/lib/armv6-m\libc.a(strchr.o)
 .text          0x00000000        0x0 C:/Freescale/CW MCU v10.3/MCU/ARM_GCC_Support/ewl/lib/armv6-m\libc.a(strlen.o)
 .data          0x00000000        0x0 C:/Freescale/CW MCU v10.3/MCU/ARM_GCC_Support/ewl/lib/armv6-m\libc.a(strlen.o)
 .bss           0x00000000        0x0 C:/Freescale/CW MCU v10.3/MCU/ARM_GCC_Support/ewl/lib/armv6-m\libc.a(strlen.o)
 .data          0x00000000        0x0 c:/freescale/cw mcu v10.3/cross_tools/arm-none-eabi-gcc-4_6_2/bin/../lib/gcc/arm-none-eabi/4.6.2/armv6-m\libgcc.a(_thumb1_case_uqi.o)
 .bss           0x00000000        0x0 c:/freescale/cw mcu v10.3/cross_tools/arm-none-eabi-gcc-4_6_2/bin/../lib/gcc/arm-none-eabi/4.6.2/armv6-m\libgcc.a(_thumb1_case_uqi.o)
 .data          0x00000000        0x0 c:/freescale/cw mcu v10.3/cross_tools/arm-none-eabi-gcc-4_6_2/bin/../lib/gcc/arm-none-eabi/4.6.2/armv6-m\libgcc.a(_udivsi3.o)
 .bss           0x00000000        0x0 c:/freescale/cw mcu v10.3/cross_tools/arm-none-eabi-gcc-4_6_2/bin/../lib/gcc/arm-none-eabi/4.6.2/armv6-m\libgcc.a(_udivsi3.o)
 .data          0x00000000        0x0 c:/freescale/cw mcu v10.3/cross_tools/arm-none-eabi-gcc-4_6_2/bin/../lib/gcc/arm-none-eabi/4.6.2/armv6-m\libgcc.a(_dvmd_tls.o)
 .bss           0x00000000        0x0 c:/freescale/cw mcu v10.3/cross_tools/arm-none-eabi-gcc-4_6_2/bin/../lib/gcc/arm-none-eabi/4.6.2/armv6-m\libgcc.a(_dvmd_tls.o)
 .text          0x00000000        0x0 C:/Freescale/CW MCU v10.3/MCU/ARM_GCC_Support/ewl/lib/armv6-m\librt.a(gcc_ctor_dtor.o)
 .data          0x00000000        0x0 C:/Freescale/CW MCU v10.3/MCU/ARM_GCC_Support/ewl/lib/armv6-m\librt.a(gcc_ctor_dtor.o)
 .bss           0x00000000        0x0 C:/Freescale/CW MCU v10.3/MCU/ARM_GCC_Support/ewl/lib/armv6-m\librt.a(gcc_ctor_dtor.o)
 .bss.__dso_handle
                0x00000000        0x4 C:/Freescale/CW MCU v10.3/MCU/ARM_GCC_Support/ewl/lib/armv6-m\librt.a(gcc_ctor_dtor.o)
 .text          0x00000000        0x0 C:/Freescale/CW MCU v10.3/MCU/ARM_GCC_Support/ewl/lib/armv6-m\librt.a(ROMCopy.o)
 .data          0x00000000        0x0 C:/Freescale/CW MCU v10.3/MCU/ARM_GCC_Support/ewl/lib/armv6-m\librt.a(ROMCopy.o)
 .bss           0x00000000        0x0 C:/Freescale/CW MCU v10.3/MCU/ARM_GCC_Support/ewl/lib/armv6-m\librt.a(ROMCopy.o)
 .text.__flush_cache
                0x00000000        0x2 C:/Freescale/CW MCU v10.3/MCU/ARM_GCC_Support/ewl/lib/armv6-m\librt.a(ROMCopy.o)
 .text          0x00000000        0x0 C:/Freescale/CW MCU v10.3/MCU/ARM_GCC_Support/ewl/lib/armv6-m\librt.a(__arm_eabi_init.o)
 .data          0x00000000        0x0 C:/Freescale/CW MCU v10.3/MCU/ARM_GCC_Support/ewl/lib/armv6-m\librt.a(__arm_eabi_init.o)
 .bss           0x00000000        0x0 C:/Freescale/CW MCU v10.3/MCU/ARM_GCC_Support/ewl/lib/armv6-m\librt.a(__arm_eabi_init.o)
 .text.__register_global_object
                0x00000000       0x14 C:/Freescale/CW MCU v10.3/MCU/ARM_GCC_Support/ewl/lib/armv6-m\librt.a(__arm_eabi_init.o)
 .text.__cxa_atexit
                0x00000000       0x38 C:/Freescale/CW MCU v10.3/MCU/ARM_GCC_Support/ewl/lib/armv6-m\librt.a(__arm_eabi_init.o)
 .text.__aeabi_atexit
                0x00000000        0xe C:/Freescale/CW MCU v10.3/MCU/ARM_GCC_Support/ewl/lib/armv6-m\librt.a(__arm_eabi_init.o)
 .text.__register_atexit
                0x00000000        0xc C:/Freescale/CW MCU v10.3/MCU/ARM_GCC_Support/ewl/lib/armv6-m\librt.a(__arm_eabi_init.o)
 .text.__init_hardware
                0x00000000        0x4 C:/Freescale/CW MCU v10.3/MCU/ARM_GCC_Support/ewl/lib/armv6-m\librt.a(__arm_eabi_init.o)
 .bss.atexit_curr_func
                0x00000000        0x4 C:/Freescale/CW MCU v10.3/MCU/ARM_GCC_Support/ewl/lib/armv6-m\librt.a(__arm_eabi_init.o)
 .bss.atexit_funcs
                0x00000000      0x300 C:/Freescale/CW MCU v10.3/MCU/ARM_GCC_Support/ewl/lib/armv6-m\librt.a(__arm_eabi_init.o)

Memory Configuration

Name             Origin             Length             Attributes
m_interrupts     0x00000000         0x000000c0         xr
m_cfmprotrom     0x00000400         0x00000010         xr
m_text           0x00000800         0x00007800         xr
m_data           0x1ffffc00         0x00001000         xrw
*default*        0x00000000         0xffffffff

Linker script and memory map

LOAD ./Sources/LED_c.obj
LOAD ./Sources/MCG_c.obj
LOAD ./Sources/MCU_init_c.obj
LOAD ./Sources/Puertos_c.obj
LOAD ./Sources/UART_c.obj
LOAD ./Sources/main_c.obj
LOAD ./Sources/sa_mtb_c.obj
LOAD ./Project_Settings/Startup_Code/__arm_end_c.obj
LOAD ./Project_Settings/Startup_Code/__arm_start_c.obj
LOAD ./Project_Settings/Startup_Code/kinetis_sysinit_c.obj
                0x00000eac                __pformatter = __pformatter_
                [0x000012e4]                __sformatter = __sformatter
START GROUP
LOAD C:/Freescale/CW MCU v10.3/MCU/ARM_GCC_Support/ewl/lib/armv6-m\libc.a
LOAD C:/Freescale/CW MCU v10.3/MCU/ARM_GCC_Support/ewl/lib/armv6-m\libm.a
LOAD c:/freescale/cw mcu v10.3/cross_tools/arm-none-eabi-gcc-4_6_2/bin/../lib/gcc/arm-none-eabi/4.6.2/armv6-m\libgcc.a
LOAD C:/Freescale/CW MCU v10.3/MCU/ARM_GCC_Support/ewl/lib/armv6-m\librt.a
LOAD C:/Freescale/CW MCU v10.3/MCU/ARM_GCC_Support/ewl/lib/armv6-m\libuart.a
END GROUP
                0x20000c00                _estack = 0x20000c00
                0x20000c00                __SP_INIT = _estack
                0x00000100                __heap_size = 0x100
                0x00000100                __stack_size = 0x100

.interrupts     0x00000000       0xc0
                0x00000000                __vector_table = .
                0x00000000                . = ALIGN (0x4)
 *(.vectortable)
 .vectortable   0x00000000       0xc0 ./Project_Settings/Startup_Code/kinetis_sysinit_c.obj
                0x00000000                InterruptVector
                0x000000c0                . = ALIGN (0x4)

.cfmprotect     0x00000400        0x0
                0x00000400                . = ALIGN (0x4)
 *(.cfmconfig)
                0x00000400                . = ALIGN (0x4)

.text           0x00000800     0x1788
                0x00000800                . = ALIGN (0x4)
 *(.text)
 .text          0x00000800       0x14 c:/freescale/cw mcu v10.3/cross_tools/arm-none-eabi-gcc-4_6_2/bin/../lib/gcc/arm-none-eabi/4.6.2/armv6-m\libgcc.a(_thumb1_case_uqi.o)
                0x00000800                __gnu_thumb1_case_uqi
 .text          0x00000814       0x9c c:/freescale/cw mcu v10.3/cross_tools/arm-none-eabi-gcc-4_6_2/bin/../lib/gcc/arm-none-eabi/4.6.2/armv6-m\libgcc.a(_udivsi3.o)
                0x00000814                __aeabi_uidiv
                0x00000814                __udivsi3
                0x0000089c                __aeabi_uidivmod
 .text          0x000008b0        0x4 c:/freescale/cw mcu v10.3/cross_tools/arm-none-eabi-gcc-4_6_2/bin/../lib/gcc/arm-none-eabi/4.6.2/armv6-m\libgcc.a(_dvmd_tls.o)
                0x000008b0                __aeabi_idiv0
                0x000008b0                __aeabi_ldiv0
 *(.text*)
 .text.init_LED
                0x000008b4       0xa4 ./Sources/LED_c.obj
                0x000008b4                init_LED
 .text.Led_On   0x00000958       0x58 ./Sources/LED_c.obj
                0x00000958                Led_On
 .text.Led_Neg  0x000009b0       0x50 ./Sources/LED_c.obj
                0x000009b0                Led_Neg
 .text.init_MCG
                0x00000a00       0x44 ./Sources/MCG_c.obj
                0x00000a00                init_MCG
 .text.init     0x00000a44       0x28 ./Sources/MCU_init_c.obj
                0x00000a44                init
 .text.ini_ports
                0x00000a6c       0x54 ./Sources/Puertos_c.obj
                0x00000a6c                ini_ports
 .text.init_UART
                0x00000ac0      0x144 ./Sources/UART_c.obj
                0x00000ac0                init_UART
 .text.main     0x00000c04       0x2c ./Sources/main_c.obj
                0x00000c04                main
 .text._ExitProcess
                0x00000c30        0xc ./Project_Settings/Startup_Code/__arm_end_c.obj
                0x00000c30                _ExitProcess
 .text.zero_fill_bss
                0x00000c3c       0x24 ./Project_Settings/Startup_Code/__arm_start_c.obj
 .text.__thumb_startup
                0x00000c60       0x30 ./Project_Settings/Startup_Code/__arm_start_c.obj
                0x00000c60                __thumb_startup
 .text.Default_Handler
                0x00000c90        0xc ./Project_Settings/Startup_Code/kinetis_sysinit_c.obj
                0x00000c90                RTC_Alarm_IRQHandler
                0x00000c90                I2C0_IRQHandler
                0x00000c90                HardFault_Handler
                0x00000c90                SysTick_Handler
                0x00000c90                PendSV_Handler
                0x00000c90                NMI_Handler
                0x00000c90                I2C1_IRQHandler
                0x00000c90                UART1_IRQHandler
                0x00000c90                DMA2_IRQHandler
                0x00000c90                TSI0_IRQHandler
                0x00000c90                UART0_IRQHandler
                0x00000c90                ADC0_IRQHandler
                0x00000c90                SPI1_IRQHandler
                0x00000c90                PORTD_IRQHandler
                0x00000c90                LPTimer_IRQHandler
                0x00000c90                FTM1_IRQHandler
                0x00000c90                RTC_Seconds_IRQHandler
                0x00000c90                MCG_IRQHandler
                0x00000c90                UART2_IRQHandler
                0x00000c90                Default_Handler
                0x00000c90                LLW_IRQHandler
                0x00000c90                PIT_IRQHandler
                0x00000c90                SVC_Handler
                0x00000c90                USBOTG_IRQHandler
                0x00000c90                DMA3_IRQHandler
                0x00000c90                DMA0_IRQHandler
                0x00000c90                DAC0_IRQHandler
                0x00000c90                PMC_IRQHandler
                0x00000c90                SPI0_IRQHandler
                0x00000c90                FTM0_IRQHandler
                0x00000c90                PORTA_IRQHandler
                0x00000c90                MCM_IRQHandler
                0x00000c90                FTFL_IRQHandler
                0x00000c90                FTM2_IRQHandler
                0x00000c90                CMP0_IRQHandler
                0x00000c90                DMA1_IRQHandler
 .text.__init_hardware
                0x00000c9c       0x2c ./Project_Settings/Startup_Code/kinetis_sysinit_c.obj
                0x00000c9c                __init_hardware
 .text.exit     0x00000cc8       0x38 C:/Freescale/CW MCU v10.3/MCU/ARM_GCC_Support/ewl/lib/armv6-m\libc.a(exit.o)
                0x00000cc8                exit
 .text.memset   0x00000d00        0xc C:/Freescale/CW MCU v10.3/MCU/ARM_GCC_Support/ewl/lib/armv6-m\libc.a(memset.o)
                0x00000d00                memset
 .text.long2str.isra.0
                0x00000d0c      0x1a0 C:/Freescale/CW MCU v10.3/MCU/ARM_GCC_Support/ewl/lib/armv6-m\libc.a(printformat_.o)
 .text.__pformatter_
                0x00000eac      0x438 C:/Freescale/CW MCU v10.3/MCU/ARM_GCC_Support/ewl/lib/armv6-m\libc.a(printformat_.o)
                0x00000eac                __pformatter_
 .text.__sformatter
                0x000012e4      0x780 C:/Freescale/CW MCU v10.3/MCU/ARM_GCC_Support/ewl/lib/armv6-m\libc.a(scanformat_.o)
                0x000012e4                __sformatter
 .text.isalpha  0x00001a64       0x20 C:/Freescale/CW MCU v10.3/MCU/ARM_GCC_Support/ewl/lib/armv6-m\libc.a(ctype_aeabi.o)
                0x00001a64                isalpha
 .text.isspace  0x00001a84       0x20 C:/Freescale/CW MCU v10.3/MCU/ARM_GCC_Support/ewl/lib/armv6-m\libc.a(ctype_aeabi.o)
                0x00001a84                isspace
 .text.toupper  0x00001aa4        0xe C:/Freescale/CW MCU v10.3/MCU/ARM_GCC_Support/ewl/lib/armv6-m\libc.a(ctype_aeabi.o)
                0x00001aa4                toupper
 .text.__strtoul
                0x00001ab2      0x1d0 C:/Freescale/CW MCU v10.3/MCU/ARM_GCC_Support/ewl/lib/armv6-m\libc.a(__strtoul.o)
                0x00001ab2                __strtoul
 .text.__fill_mem
                0x00001c82       0x84 C:/Freescale/CW MCU v10.3/MCU/ARM_GCC_Support/ewl/lib/armv6-m\libc.a(__filll_mem.o)
                0x00001c82                __fill_mem
 .text.memchr   0x00001d06       0x1a C:/Freescale/CW MCU v10.3/MCU/ARM_GCC_Support/ewl/lib/armv6-m\libc.a(memchr.o)
                0x00001d06                memchr
 .text.strchr   0x00001d20       0x1e C:/Freescale/CW MCU v10.3/MCU/ARM_GCC_Support/ewl/lib/armv6-m\libc.a(strchr.o)
                0x00001d20                strchr
 .text.strlen   0x00001d3e       0x14 C:/Freescale/CW MCU v10.3/MCU/ARM_GCC_Support/ewl/lib/armv6-m\libc.a(strlen.o)
                0x00001d3e                strlen
 *fill*         0x00001d52        0x2 00
 .text.__init_cpp
                0x00001d54       0x48 C:/Freescale/CW MCU v10.3/MCU/ARM_GCC_Support/ewl/lib/armv6-m\librt.a(gcc_ctor_dtor.o)
                0x00001d54                __init_cpp
 .text.__fini_cpp
                0x00001d9c       0x34 C:/Freescale/CW MCU v10.3/MCU/ARM_GCC_Support/ewl/lib/armv6-m\librt.a(gcc_ctor_dtor.o)
                0x00001d9c                __fini_cpp
 .text.__copy_rom_section
                0x00001dd0       0x4a C:/Freescale/CW MCU v10.3/MCU/ARM_GCC_Support/ewl/lib/armv6-m\librt.a(ROMCopy.o)
                0x00001dd0                __copy_rom_section
 *fill*         0x00001e1a        0x2 00
 .text.__copy_rom_sections_to_ram
                0x00001e1c       0x2c C:/Freescale/CW MCU v10.3/MCU/ARM_GCC_Support/ewl/lib/armv6-m\librt.a(ROMCopy.o)
                0x00001e1c                __copy_rom_sections_to_ram
 .text.__destroy_global_chain
                0x00001e48       0x1c C:/Freescale/CW MCU v10.3/MCU/ARM_GCC_Support/ewl/lib/armv6-m\librt.a(__arm_eabi_init.o)
                0x00001e48                __destroy_global_chain
 .text.__init_registers
                0x00001e64       0x1c C:/Freescale/CW MCU v10.3/MCU/ARM_GCC_Support/ewl/lib/armv6-m\librt.a(__arm_eabi_init.o)
                0x00001e64                __init_registers
 .text.__init_user
                0x00001e80        0x4 C:/Freescale/CW MCU v10.3/MCU/ARM_GCC_Support/ewl/lib/armv6-m\librt.a(__arm_eabi_init.o)
                0x00001e80                __init_user
 *(.rodata)
 *(.rodata*)
 .rodata.str1.1
                0x00001e84        0x1 C:/Freescale/CW MCU v10.3/MCU/ARM_GCC_Support/ewl/lib/armv6-m\libc.a(printformat_.o)
 .rodata.__aeabi_ctype_table_C
                0x00001e85      0x101 C:/Freescale/CW MCU v10.3/MCU/ARM_GCC_Support/ewl/lib/armv6-m\libc.a(ctype_aeabi.o)
                0x00001e85                __aeabi_ctype_table_C
 *(.glue_7)
 .glue_7        0x00000000        0x0 linker stubs
 *(.glue_7t)
 .glue_7t       0x00000000        0x0 linker stubs
 *(.eh_frame)
 *(.init)
 *(.fini)
                0x00001f88                . = ALIGN (0x4)
 *fill*         0x00001f86        0x2 00
                0x00001f88                _etext = .

.vfp11_veneer   0x00001f88        0x0
 .vfp11_veneer  0x00000000        0x0 linker stubs

.v4_bx          0x00001f88        0x0
 .v4_bx         0x00000000        0x0 linker stubs

.ARM.extab
 *(.ARM.extab* .gnu.linkonce.armextab.*)

.ARM            0x00001f88        0x0
                0x00001f88                __exidx_start = .
 *(.ARM.exidx*)
                0x00001f88                __exidx_end = .

.ctors          0x00001f88        0x0
                0x00001f88                __CTOR_LIST__ = .
 *crtbegin.o(.ctors)
 *(EXCLUDE_FILE(*crtend.o) .ctors)
 *(SORT(.ctors.*))
 *(.ctors)
                0x00001f88                __CTOR_END__ = .

.dtors          0x00001f88        0x0
                0x00001f88                __DTOR_LIST__ = .
 *crtbegin.o(.dtors)
 *(EXCLUDE_FILE(*crtend.o) .dtors)
 *(SORT(.dtors.*))
 *(.dtors)
                0x00001f88                __DTOR_END__ = .

.preinit_array  0x00001f88        0x0
                0x00001f88                PROVIDE (__preinit_array_start, .)
 *(.preinit_array*)
                0x00001f88                PROVIDE (__preinit_array_end, .)

.init_array     0x00001f88        0x0
                0x00001f88                PROVIDE (__init_array_start, .)
 *(SORT(.init_array.*))
 *(.init_array*)
                0x00001f88                PROVIDE (__init_array_end, .)

.fini_array     0x00001f88        0x0
                0x00001f88                PROVIDE (__fini_array_start, .)
 *(SORT(.fini_array.*))
 *(.fini_array*)
                0x00001f88                PROVIDE (__fini_array_end, .)
                0x00001f88                ___ROM_AT = .

.mtb            0x1ffffc00        0x0
                0x1ffffc00                . = ALIGN (0x8)
                0x1ffffc00                _mtb_start = .
 *(.mtb_buf)
                0x1ffffc00                . = ALIGN (0x8)
                0x1ffffc00                _mtb_end = .

.data           0x1ffffc00        0x0 load address 0x00001f88
                0x1ffffc00                . = ALIGN (0x4)
                0x1ffffc00                _sdata = .
 *(.data)
 *(.data*)
                0x1ffffc00                . = ALIGN (0x4)
                0x1ffffc00                _edata = .
                0x00000000                ___data_size = (_edata - _sdata)
                0x1ffffc00                . = ALIGN (0x4)

.bss            0x1ffffc00       0x1c
                0x1ffffc00                __START_BSS = .
                0x1ffffc00                PROVIDE (__bss_start__, __START_BSS)
 *(.bss)
 *(.bss*)
 .bss.argv      0x1ffffc00        0x4 ./Project_Settings/Startup_Code/__arm_start_c.obj
 .bss.__stdio_exit
                0x1ffffc04        0x4 C:/Freescale/CW MCU v10.3/MCU/ARM_GCC_Support/ewl/lib/armv6-m\libc.a(exit.o)
                0x1ffffc04                __stdio_exit
 .bss.__console_exit
                0x1ffffc08        0x4 C:/Freescale/CW MCU v10.3/MCU/ARM_GCC_Support/ewl/lib/armv6-m\libc.a(exit.o)
                0x1ffffc08                __console_exit
 .bss.__S_romp  0x1ffffc0c        0xc C:/Freescale/CW MCU v10.3/MCU/ARM_GCC_Support/ewl/lib/armv6-m\librt.a(ROMCopy.o)
 .bss.__global_destructor_chain
                0x1ffffc18        0x4 C:/Freescale/CW MCU v10.3/MCU/ARM_GCC_Support/ewl/lib/armv6-m\librt.a(__arm_eabi_init.o)
                0x1ffffc18                __global_destructor_chain
 *(COMMON)
                0x1ffffc1c                . = ALIGN (0x4)
                0x1ffffc1c                __END_BSS = .
                0x1ffffc1c                PROVIDE (__bss_end__, __END_BSS)
                0x00001f88                _romp_at = (___ROM_AT + SIZEOF (.data))

.romp           0x1ffffc1c       0x18 load address 0x00001f88
                0x00001f88                __S_romp = _romp_at
                0x1ffffc1c        0x4 LONG 0x1f88 ___ROM_AT
                0x1ffffc20        0x4 LONG 0x1ffffc00 _sdata
                0x1ffffc24        0x4 LONG 0x0 ___data_size
                0x1ffffc28        0x4 LONG 0x0
                0x1ffffc2c        0x4 LONG 0x0
                0x1ffffc30        0x4 LONG 0x0

._user_heap_stack
                0x1ffffc34      0x200 load address 0x00001fa0
                0x1ffffc34                . = ALIGN (0x4)
                0x1ffffc34                PROVIDE (end, .)
                0x1ffffc34                PROVIDE (_end, .)
                0x1ffffc34                __heap_addr = .
                0x1ffffd34                . = (. + __heap_size)
 *fill*         0x1ffffc34      0x100 00
                0x1ffffe34                . = (. + __stack_size)
 *fill*         0x1ffffd34      0x100 00
                0x1ffffe34                . = ALIGN (0x4)

.ARM.attributes
                0x00000000       0x31
 *(.ARM.attributes)
 .ARM.attributes
                0x00000000       0x31 ./Sources/LED_c.obj
 .ARM.attributes
                0x00000031       0x31 ./Sources/MCG_c.obj
 .ARM.attributes
                0x00000062       0x31 ./Sources/MCU_init_c.obj
 .ARM.attributes
                0x00000093       0x31 ./Sources/Puertos_c.obj
 .ARM.attributes
                0x000000c4       0x31 ./Sources/UART_c.obj
 .ARM.attributes
                0x000000f5       0x31 ./Sources/main_c.obj
 .ARM.attributes
                0x00000126       0x31 ./Project_Settings/Startup_Code/__arm_end_c.obj
 .ARM.attributes
                0x00000157       0x31 ./Project_Settings/Startup_Code/__arm_start_c.obj
 .ARM.attributes
                0x00000188       0x31 ./Project_Settings/Startup_Code/kinetis_sysinit_c.obj
 .ARM.attributes
                0x000001b9       0x31 C:/Freescale/CW MCU v10.3/MCU/ARM_GCC_Support/ewl/lib/armv6-m\libc.a(exit.o)
 .ARM.attributes
                0x000001ea       0x31 C:/Freescale/CW MCU v10.3/MCU/ARM_GCC_Support/ewl/lib/armv6-m\libc.a(memset.o)
 .ARM.attributes
                0x0000021b       0x31 C:/Freescale/CW MCU v10.3/MCU/ARM_GCC_Support/ewl/lib/armv6-m\libc.a(printformat_.o)
 .ARM.attributes
                0x0000024c       0x31 C:/Freescale/CW MCU v10.3/MCU/ARM_GCC_Support/ewl/lib/armv6-m\libc.a(scanformat_.o)
 .ARM.attributes
                0x0000027d       0x31 C:/Freescale/CW MCU v10.3/MCU/ARM_GCC_Support/ewl/lib/armv6-m\libc.a(ctype_aeabi.o)
 .ARM.attributes
                0x000002ae       0x31 C:/Freescale/CW MCU v10.3/MCU/ARM_GCC_Support/ewl/lib/armv6-m\libc.a(__strtoul.o)
 .ARM.attributes
                0x000002df       0x31 C:/Freescale/CW MCU v10.3/MCU/ARM_GCC_Support/ewl/lib/armv6-m\libc.a(__filll_mem.o)
 .ARM.attributes
                0x00000310       0x31 C:/Freescale/CW MCU v10.3/MCU/ARM_GCC_Support/ewl/lib/armv6-m\libc.a(memchr.o)
 .ARM.attributes
                0x00000341       0x31 C:/Freescale/CW MCU v10.3/MCU/ARM_GCC_Support/ewl/lib/armv6-m\libc.a(strchr.o)
 .ARM.attributes
                0x00000372       0x31 C:/Freescale/CW MCU v10.3/MCU/ARM_GCC_Support/ewl/lib/armv6-m\libc.a(strlen.o)
 .ARM.attributes
                0x000003a3       0x1e c:/freescale/cw mcu v10.3/cross_tools/arm-none-eabi-gcc-4_6_2/bin/../lib/gcc/arm-none-eabi/4.6.2/armv6-m\libgcc.a(_thumb1_case_uqi.o)
 .ARM.attributes
                0x000003c1       0x1e c:/freescale/cw mcu v10.3/cross_tools/arm-none-eabi-gcc-4_6_2/bin/../lib/gcc/arm-none-eabi/4.6.2/armv6-m\libgcc.a(_udivsi3.o)
 .ARM.attributes
                0x000003df       0x1e c:/freescale/cw mcu v10.3/cross_tools/arm-none-eabi-gcc-4_6_2/bin/../lib/gcc/arm-none-eabi/4.6.2/armv6-m\libgcc.a(_dvmd_tls.o)
 .ARM.attributes
                0x000003fd       0x31 C:/Freescale/CW MCU v10.3/MCU/ARM_GCC_Support/ewl/lib/armv6-m\librt.a(gcc_ctor_dtor.o)
 .ARM.attributes
                0x0000042e       0x31 C:/Freescale/CW MCU v10.3/MCU/ARM_GCC_Support/ewl/lib/armv6-m\librt.a(ROMCopy.o)
 .ARM.attributes
                0x0000045f       0x31 C:/Freescale/CW MCU v10.3/MCU/ARM_GCC_Support/ewl/lib/armv6-m\librt.a(__arm_eabi_init.o)
OUTPUT(MCG.elf elf32-littlearm)

.debug_info     0x00000000     0x3028
 .debug_info    0x00000000      0x235 ./Sources/LED_c.obj
 .debug_info    0x00000235      0x39e ./Sources/MCG_c.obj
 .debug_info    0x000005d3       0x84 ./Sources/MCU_init_c.obj
 .debug_info    0x00000657      0x352 ./Sources/Puertos_c.obj
 .debug_info    0x000009a9      0x3b2 ./Sources/UART_c.obj
 .debug_info    0x00000d5b       0x96 ./Sources/main_c.obj
 .debug_info    0x00000df1       0x5c ./Project_Settings/Startup_Code/__arm_end_c.obj
 .debug_info    0x00000e4d      0x138 ./Project_Settings/Startup_Code/__arm_start_c.obj
 .debug_info    0x00000f85      0x469 ./Project_Settings/Startup_Code/kinetis_sysinit_c.obj
 .debug_info    0x000013ee      0x103 C:/Freescale/CW MCU v10.3/MCU/ARM_GCC_Support/ewl/lib/armv6-m\libc.a(exit.o)
 .debug_info    0x000014f1       0xf4 C:/Freescale/CW MCU v10.3/MCU/ARM_GCC_Support/ewl/lib/armv6-m\libc.a(memset.o)
 .debug_info    0x000015e5      0x512 C:/Freescale/CW MCU v10.3/MCU/ARM_GCC_Support/ewl/lib/armv6-m\libc.a(printformat_.o)
 .debug_info    0x00001af7      0x567 C:/Freescale/CW MCU v10.3/MCU/ARM_GCC_Support/ewl/lib/armv6-m\libc.a(scanformat_.o)
 .debug_info    0x0000205e      0x337 C:/Freescale/CW MCU v10.3/MCU/ARM_GCC_Support/ewl/lib/armv6-m\libc.a(ctype_aeabi.o)
 .debug_info    0x00002395      0x1d7 C:/Freescale/CW MCU v10.3/MCU/ARM_GCC_Support/ewl/lib/armv6-m\libc.a(__strtoul.o)
 .debug_info    0x0000256c      0x13f C:/Freescale/CW MCU v10.3/MCU/ARM_GCC_Support/ewl/lib/armv6-m\libc.a(__filll_mem.o)
 .debug_info    0x000026ab      0x129 C:/Freescale/CW MCU v10.3/MCU/ARM_GCC_Support/ewl/lib/armv6-m\libc.a(memchr.o)
 .debug_info    0x000027d4      0x113 C:/Freescale/CW MCU v10.3/MCU/ARM_GCC_Support/ewl/lib/armv6-m\libc.a(strchr.o)
 .debug_info    0x000028e7       0xf4 C:/Freescale/CW MCU v10.3/MCU/ARM_GCC_Support/ewl/lib/armv6-m\libc.a(strlen.o)
 .debug_info    0x000029db      0x1c0 C:/Freescale/CW MCU v10.3/MCU/ARM_GCC_Support/ewl/lib/armv6-m\librt.a(gcc_ctor_dtor.o)
 .debug_info    0x00002b9b      0x1b9 C:/Freescale/CW MCU v10.3/MCU/ARM_GCC_Support/ewl/lib/armv6-m\librt.a(ROMCopy.o)
 .debug_info    0x00002d54      0x2d4 C:/Freescale/CW MCU v10.3/MCU/ARM_GCC_Support/ewl/lib/armv6-m\librt.a(__arm_eabi_init.o)

.debug_abbrev   0x00000000     0x119e
 .debug_abbrev  0x00000000       0xd0 ./Sources/LED_c.obj
 .debug_abbrev  0x000000d0       0xc0 ./Sources/MCG_c.obj
 .debug_abbrev  0x00000190       0x3f ./Sources/MCU_init_c.obj
 .debug_abbrev  0x000001cf       0xc0 ./Sources/Puertos_c.obj
 .debug_abbrev  0x0000028f       0xd1 ./Sources/UART_c.obj
 .debug_abbrev  0x00000360       0x52 ./Sources/main_c.obj
 .debug_abbrev  0x000003b2       0x50 ./Project_Settings/Startup_Code/__arm_end_c.obj
 .debug_abbrev  0x00000402       0x96 ./Project_Settings/Startup_Code/__arm_start_c.obj
 .debug_abbrev  0x00000498       0xeb ./Project_Settings/Startup_Code/kinetis_sysinit_c.obj
 .debug_abbrev  0x00000583       0x8f C:/Freescale/CW MCU v10.3/MCU/ARM_GCC_Support/ewl/lib/armv6-m\libc.a(exit.o)
 .debug_abbrev  0x00000612       0x66 C:/Freescale/CW MCU v10.3/MCU/ARM_GCC_Support/ewl/lib/armv6-m\libc.a(memset.o)
 .debug_abbrev  0x00000678      0x204 C:/Freescale/CW MCU v10.3/MCU/ARM_GCC_Support/ewl/lib/armv6-m\libc.a(printformat_.o)
 .debug_abbrev  0x0000087c      0x1fb C:/Freescale/CW MCU v10.3/MCU/ARM_GCC_Support/ewl/lib/armv6-m\libc.a(scanformat_.o)
 .debug_abbrev  0x00000a77       0xb3 C:/Freescale/CW MCU v10.3/MCU/ARM_GCC_Support/ewl/lib/armv6-m\libc.a(ctype_aeabi.o)
 .debug_abbrev  0x00000b2a       0xc6 C:/Freescale/CW MCU v10.3/MCU/ARM_GCC_Support/ewl/lib/armv6-m\libc.a(__strtoul.o)
 .debug_abbrev  0x00000bf0       0x7c C:/Freescale/CW MCU v10.3/MCU/ARM_GCC_Support/ewl/lib/armv6-m\libc.a(__filll_mem.o)
 .debug_abbrev  0x00000c6c       0x99 C:/Freescale/CW MCU v10.3/MCU/ARM_GCC_Support/ewl/lib/armv6-m\libc.a(memchr.o)
 .debug_abbrev  0x00000d05       0x7e C:/Freescale/CW MCU v10.3/MCU/ARM_GCC_Support/ewl/lib/armv6-m\libc.a(strchr.o)
 .debug_abbrev  0x00000d83       0x7e C:/Freescale/CW MCU v10.3/MCU/ARM_GCC_Support/ewl/lib/armv6-m\libc.a(strlen.o)
 .debug_abbrev  0x00000e01       0x9d C:/Freescale/CW MCU v10.3/MCU/ARM_GCC_Support/ewl/lib/armv6-m\librt.a(gcc_ctor_dtor.o)
 .debug_abbrev  0x00000e9e      0x149 C:/Freescale/CW MCU v10.3/MCU/ARM_GCC_Support/ewl/lib/armv6-m\librt.a(ROMCopy.o)
 .debug_abbrev  0x00000fe7      0x1b7 C:/Freescale/CW MCU v10.3/MCU/ARM_GCC_Support/ewl/lib/armv6-m\librt.a(__arm_eabi_init.o)

.debug_loc      0x00000000     0x2a3b
 .debug_loc     0x00000000       0xe0 ./Sources/LED_c.obj
 .debug_loc     0x000000e0       0x2c ./Sources/MCG_c.obj
 .debug_loc     0x0000010c       0x2c ./Sources/MCU_init_c.obj
 .debug_loc     0x00000138       0x2c ./Sources/Puertos_c.obj
 .debug_loc     0x00000164       0x38 ./Sources/UART_c.obj
 .debug_loc     0x0000019c       0x38 ./Sources/main_c.obj
 .debug_loc     0x000001d4       0x38 ./Project_Settings/Startup_Code/__arm_end_c.obj
 .debug_loc     0x0000020c       0x2c ./Project_Settings/Startup_Code/__arm_start_c.obj
 .debug_loc     0x00000238       0x58 ./Project_Settings/Startup_Code/kinetis_sysinit_c.obj
 .debug_loc     0x00000290       0x3e C:/Freescale/CW MCU v10.3/MCU/ARM_GCC_Support/ewl/lib/armv6-m\libc.a(exit.o)
 .debug_loc     0x000002ce       0x6f C:/Freescale/CW MCU v10.3/MCU/ARM_GCC_Support/ewl/lib/armv6-m\libc.a(memset.o)
 .debug_loc     0x0000033d     0x1072 C:/Freescale/CW MCU v10.3/MCU/ARM_GCC_Support/ewl/lib/armv6-m\libc.a(printformat_.o)
 .debug_loc     0x000013af      0xb25 C:/Freescale/CW MCU v10.3/MCU/ARM_GCC_Support/ewl/lib/armv6-m\libc.a(scanformat_.o)
 .debug_loc     0x00001ed4      0x2f7 C:/Freescale/CW MCU v10.3/MCU/ARM_GCC_Support/ewl/lib/armv6-m\libc.a(ctype_aeabi.o)
 .debug_loc     0x000021cb      0x274 C:/Freescale/CW MCU v10.3/MCU/ARM_GCC_Support/ewl/lib/armv6-m\libc.a(__strtoul.o)
 .debug_loc     0x0000243f      0x16b C:/Freescale/CW MCU v10.3/MCU/ARM_GCC_Support/ewl/lib/armv6-m\libc.a(__filll_mem.o)
 .debug_loc     0x000025aa       0x82 C:/Freescale/CW MCU v10.3/MCU/ARM_GCC_Support/ewl/lib/armv6-m\libc.a(memchr.o)
 .debug_loc     0x0000262c       0xab C:/Freescale/CW MCU v10.3/MCU/ARM_GCC_Support/ewl/lib/armv6-m\libc.a(strchr.o)
 .debug_loc     0x000026d7       0x51 C:/Freescale/CW MCU v10.3/MCU/ARM_GCC_Support/ewl/lib/armv6-m\libc.a(strlen.o)
 .debug_loc     0x00002728       0xbe C:/Freescale/CW MCU v10.3/MCU/ARM_GCC_Support/ewl/lib/armv6-m\librt.a(gcc_ctor_dtor.o)
 .debug_loc     0x000027e6       0xbb C:/Freescale/CW MCU v10.3/MCU/ARM_GCC_Support/ewl/lib/armv6-m\librt.a(ROMCopy.o)
 .debug_loc     0x000028a1      0x19a C:/Freescale/CW MCU v10.3/MCU/ARM_GCC_Support/ewl/lib/armv6-m\librt.a(__arm_eabi_init.o)

.debug_aranges  0x00000000      0x3b0
 .debug_aranges
                0x00000000       0x38 ./Sources/LED_c.obj
 .debug_aranges
                0x00000038       0x20 ./Sources/MCG_c.obj
 .debug_aranges
                0x00000058       0x20 ./Sources/MCU_init_c.obj
 .debug_aranges
                0x00000078       0x20 ./Sources/Puertos_c.obj
 .debug_aranges
                0x00000098       0x20 ./Sources/UART_c.obj
 .debug_aranges
                0x000000b8       0x20 ./Sources/main_c.obj
 .debug_aranges
                0x000000d8       0x20 ./Project_Settings/Startup_Code/__arm_end_c.obj
 .debug_aranges
                0x000000f8       0x30 ./Project_Settings/Startup_Code/__arm_start_c.obj
 .debug_aranges
                0x00000128       0x28 ./Project_Settings/Startup_Code/kinetis_sysinit_c.obj
 .debug_aranges
                0x00000150       0x20 C:/Freescale/CW MCU v10.3/MCU/ARM_GCC_Support/ewl/lib/armv6-m\libc.a(exit.o)
 .debug_aranges
                0x00000170       0x20 C:/Freescale/CW MCU v10.3/MCU/ARM_GCC_Support/ewl/lib/armv6-m\libc.a(memset.o)
 .debug_aranges
                0x00000190       0x28 C:/Freescale/CW MCU v10.3/MCU/ARM_GCC_Support/ewl/lib/armv6-m\libc.a(printformat_.o)
 .debug_aranges
                0x000001b8       0x20 C:/Freescale/CW MCU v10.3/MCU/ARM_GCC_Support/ewl/lib/armv6-m\libc.a(scanformat_.o)
 .debug_aranges
                0x000001d8       0x88 C:/Freescale/CW MCU v10.3/MCU/ARM_GCC_Support/ewl/lib/armv6-m\libc.a(ctype_aeabi.o)
 .debug_aranges
                0x00000260       0x20 C:/Freescale/CW MCU v10.3/MCU/ARM_GCC_Support/ewl/lib/armv6-m\libc.a(__strtoul.o)
 .debug_aranges
                0x00000280       0x20 C:/Freescale/CW MCU v10.3/MCU/ARM_GCC_Support/ewl/lib/armv6-m\libc.a(__filll_mem.o)
 .debug_aranges
                0x000002a0       0x20 C:/Freescale/CW MCU v10.3/MCU/ARM_GCC_Support/ewl/lib/armv6-m\libc.a(memchr.o)
 .debug_aranges
                0x000002c0       0x20 C:/Freescale/CW MCU v10.3/MCU/ARM_GCC_Support/ewl/lib/armv6-m\libc.a(strchr.o)
 .debug_aranges
                0x000002e0       0x20 C:/Freescale/CW MCU v10.3/MCU/ARM_GCC_Support/ewl/lib/armv6-m\libc.a(strlen.o)
 .debug_aranges
                0x00000300       0x28 C:/Freescale/CW MCU v10.3/MCU/ARM_GCC_Support/ewl/lib/armv6-m\librt.a(gcc_ctor_dtor.o)
 .debug_aranges
                0x00000328       0x30 C:/Freescale/CW MCU v10.3/MCU/ARM_GCC_Support/ewl/lib/armv6-m\librt.a(ROMCopy.o)
 .debug_aranges
                0x00000358       0x58 C:/Freescale/CW MCU v10.3/MCU/ARM_GCC_Support/ewl/lib/armv6-m\librt.a(__arm_eabi_init.o)

.debug_line     0x00000000     0x236c
 .debug_line    0x00000000      0x234 ./Sources/LED_c.obj
 .debug_line    0x00000234      0x1e0 ./Sources/MCG_c.obj
 .debug_line    0x00000414      0x215 ./Sources/MCU_init_c.obj
 .debug_line    0x00000629      0x1e8 ./Sources/Puertos_c.obj
 .debug_line    0x00000811      0x218 ./Sources/UART_c.obj
 .debug_line    0x00000a29      0x218 ./Sources/main_c.obj
 .debug_line    0x00000c41      0x26a ./Project_Settings/Startup_Code/__arm_end_c.obj
 .debug_line    0x00000eab      0x2a0 ./Project_Settings/Startup_Code/__arm_start_c.obj
 .debug_line    0x0000114b      0x21d ./Project_Settings/Startup_Code/kinetis_sysinit_c.obj
 .debug_line    0x00001368       0x8d C:/Freescale/CW MCU v10.3/MCU/ARM_GCC_Support/ewl/lib/armv6-m\libc.a(exit.o)
 .debug_line    0x000013f5       0x90 C:/Freescale/CW MCU v10.3/MCU/ARM_GCC_Support/ewl/lib/armv6-m\libc.a(memset.o)
 .debug_line    0x00001485      0x2d2 C:/Freescale/CW MCU v10.3/MCU/ARM_GCC_Support/ewl/lib/armv6-m\libc.a(printformat_.o)
 .debug_line    0x00001757      0x32b C:/Freescale/CW MCU v10.3/MCU/ARM_GCC_Support/ewl/lib/armv6-m\libc.a(scanformat_.o)
 .debug_line    0x00001a82      0x21d C:/Freescale/CW MCU v10.3/MCU/ARM_GCC_Support/ewl/lib/armv6-m\libc.a(ctype_aeabi.o)
 .debug_line    0x00001c9f      0x147 C:/Freescale/CW MCU v10.3/MCU/ARM_GCC_Support/ewl/lib/armv6-m\libc.a(__strtoul.o)
 .debug_line    0x00001de6      0x140 C:/Freescale/CW MCU v10.3/MCU/ARM_GCC_Support/ewl/lib/armv6-m\libc.a(__filll_mem.o)
 .debug_line    0x00001f26       0xa3 C:/Freescale/CW MCU v10.3/MCU/ARM_GCC_Support/ewl/lib/armv6-m\libc.a(memchr.o)
 .debug_line    0x00001fc9       0x84 C:/Freescale/CW MCU v10.3/MCU/ARM_GCC_Support/ewl/lib/armv6-m\libc.a(strchr.o)
 .debug_line    0x0000204d       0x9b C:/Freescale/CW MCU v10.3/MCU/ARM_GCC_Support/ewl/lib/armv6-m\libc.a(strlen.o)
 .debug_line    0x000020e8       0x9d C:/Freescale/CW MCU v10.3/MCU/ARM_GCC_Support/ewl/lib/armv6-m\librt.a(gcc_ctor_dtor.o)
 .debug_line    0x00002185       0xce C:/Freescale/CW MCU v10.3/MCU/ARM_GCC_Support/ewl/lib/armv6-m\librt.a(ROMCopy.o)
 .debug_line    0x00002253      0x119 C:/Freescale/CW MCU v10.3/MCU/ARM_GCC_Support/ewl/lib/armv6-m\librt.a(__arm_eabi_init.o)

.debug_macinfo  0x00000000    0xe19ed
 .debug_macinfo
                0x00000000    0x1f3a5 ./Sources/LED_c.obj
 .debug_macinfo
                0x0001f3a5    0x1f38a ./Sources/MCG_c.obj
 .debug_macinfo
                0x0003e72f    0x1f43c ./Sources/MCU_init_c.obj
 .debug_macinfo
                0x0005db6b    0x1f38e ./Sources/Puertos_c.obj
 .debug_macinfo
                0x0007cef9    0x1f3f9 ./Sources/UART_c.obj
 .debug_macinfo
                0x0009c2f2    0x1f468 ./Sources/main_c.obj
 .debug_macinfo
                0x000bb75a     0x3263 ./Project_Settings/Startup_Code/__arm_end_c.obj
 .debug_macinfo
                0x000be9bd     0x3c7a ./Project_Settings/Startup_Code/__arm_start_c.obj
 .debug_macinfo
                0x000c2637    0x1f3b6 ./Project_Settings/Startup_Code/kinetis_sysinit_c.obj

.debug_str      0x00000000      0xd3b
 .debug_str     0x00000000      0x190 ./Sources/LED_c.obj
                                0x1c4 (size before relaxing)
 .debug_str     0x00000190      0x11a ./Sources/MCG_c.obj
                                0x242 (size before relaxing)
 .debug_str     0x000002aa       0x1b ./Sources/MCU_init_c.obj
                                0x127 (size before relaxing)
 .debug_str     0x000002c5       0x1f ./Sources/Puertos_c.obj
                                0x24e (size before relaxing)
 .debug_str     0x000002e4       0x39 ./Sources/UART_c.obj
                                0x241 (size before relaxing)
 .debug_str     0x0000031d       0x17 ./Sources/main_c.obj
                                0x123 (size before relaxing)
 .debug_str     0x00000334       0x41 ./Project_Settings/Startup_Code/__arm_end_c.obj
                                 0xd6 (size before relaxing)
 .debug_str     0x00000375       0x85 ./Project_Settings/Startup_Code/__arm_start_c.obj
                                0x196 (size before relaxing)
 .debug_str     0x000003fa       0xc6 ./Project_Settings/Startup_Code/kinetis_sysinit_c.obj
                                0x2c9 (size before relaxing)
 .debug_str     0x000004c0       0x5a C:/Freescale/CW MCU v10.3/MCU/ARM_GCC_Support/ewl/lib/armv6-m\libc.a(exit.o)
                                0x14e (size before relaxing)
 .debug_str     0x0000051a       0x23 C:/Freescale/CW MCU v10.3/MCU/ARM_GCC_Support/ewl/lib/armv6-m\libc.a(memset.o)
                                0x140 (size before relaxing)
 .debug_str     0x0000053d      0x244 C:/Freescale/CW MCU v10.3/MCU/ARM_GCC_Support/ewl/lib/armv6-m\libc.a(printformat_.o)
                                0x3aa (size before relaxing)
 .debug_str     0x00000781      0x184 C:/Freescale/CW MCU v10.3/MCU/ARM_GCC_Support/ewl/lib/armv6-m\libc.a(scanformat_.o)
                                0x3f0 (size before relaxing)
 .debug_str     0x00000905       0x9d C:/Freescale/CW MCU v10.3/MCU/ARM_GCC_Support/ewl/lib/armv6-m\libc.a(ctype_aeabi.o)
                                0x1b3 (size before relaxing)
 .debug_str     0x000009a2       0x61 C:/Freescale/CW MCU v10.3/MCU/ARM_GCC_Support/ewl/lib/armv6-m\libc.a(__strtoul.o)
                                0x1f2 (size before relaxing)
 .debug_str     0x00000a03       0x25 C:/Freescale/CW MCU v10.3/MCU/ARM_GCC_Support/ewl/lib/armv6-m\libc.a(__filll_mem.o)
                                0x152 (size before relaxing)
 .debug_str     0x00000a28       0x1c C:/Freescale/CW MCU v10.3/MCU/ARM_GCC_Support/ewl/lib/armv6-m\libc.a(memchr.o)
                                0x148 (size before relaxing)
 .debug_str     0x00000a44       0x1c C:/Freescale/CW MCU v10.3/MCU/ARM_GCC_Support/ewl/lib/armv6-m\libc.a(strchr.o)
                                0x137 (size before relaxing)
 .debug_str     0x00000a60       0x1c C:/Freescale/CW MCU v10.3/MCU/ARM_GCC_Support/ewl/lib/armv6-m\libc.a(strlen.o)
                                0x140 (size before relaxing)
 .debug_str     0x00000a7c      0x126 C:/Freescale/CW MCU v10.3/MCU/ARM_GCC_Support/ewl/lib/armv6-m\librt.a(gcc_ctor_dtor.o)
                                0x185 (size before relaxing)
 .debug_str     0x00000ba2       0xa1 C:/Freescale/CW MCU v10.3/MCU/ARM_GCC_Support/ewl/lib/armv6-m\librt.a(ROMCopy.o)
                                0x140 (size before relaxing)
 .debug_str     0x00000c43       0xf8 C:/Freescale/CW MCU v10.3/MCU/ARM_GCC_Support/ewl/lib/armv6-m\librt.a(__arm_eabi_init.o)
                                0x1ac (size before relaxing)

.comment        0x00000000       0x79
 .comment       0x00000000       0x79 ./Sources/LED_c.obj
                                 0x7a (size before relaxing)
 .comment       0x00000000       0x7a ./Sources/MCG_c.obj
 .comment       0x00000000       0x7a ./Sources/MCU_init_c.obj
 .comment       0x00000000       0x7a ./Sources/Puertos_c.obj
 .comment       0x00000000       0x7a ./Sources/UART_c.obj
 .comment       0x00000000       0x7a ./Sources/main_c.obj
 .comment       0x00000000       0x7a ./Project_Settings/Startup_Code/__arm_end_c.obj
 .comment       0x00000000       0x7a ./Project_Settings/Startup_Code/__arm_start_c.obj
 .comment       0x00000000       0x7a ./Project_Settings/Startup_Code/kinetis_sysinit_c.obj
 .comment       0x00000000       0x7a C:/Freescale/CW MCU v10.3/MCU/ARM_GCC_Support/ewl/lib/armv6-m\libc.a(exit.o)
 .comment       0x00000000       0x7a C:/Freescale/CW MCU v10.3/MCU/ARM_GCC_Support/ewl/lib/armv6-m\libc.a(memset.o)
 .comment       0x00000000       0x7a C:/Freescale/CW MCU v10.3/MCU/ARM_GCC_Support/ewl/lib/armv6-m\libc.a(printformat_.o)
 .comment       0x00000000       0x7a C:/Freescale/CW MCU v10.3/MCU/ARM_GCC_Support/ewl/lib/armv6-m\libc.a(scanformat_.o)
 .comment       0x00000000       0x7a C:/Freescale/CW MCU v10.3/MCU/ARM_GCC_Support/ewl/lib/armv6-m\libc.a(ctype_aeabi.o)
 .comment       0x00000000       0x7a C:/Freescale/CW MCU v10.3/MCU/ARM_GCC_Support/ewl/lib/armv6-m\libc.a(__strtoul.o)
 .comment       0x00000000       0x7a C:/Freescale/CW MCU v10.3/MCU/ARM_GCC_Support/ewl/lib/armv6-m\libc.a(__filll_mem.o)
 .comment       0x00000000       0x7a C:/Freescale/CW MCU v10.3/MCU/ARM_GCC_Support/ewl/lib/armv6-m\libc.a(memchr.o)
 .comment       0x00000000       0x7a C:/Freescale/CW MCU v10.3/MCU/ARM_GCC_Support/ewl/lib/armv6-m\libc.a(strchr.o)
 .comment       0x00000000       0x7a C:/Freescale/CW MCU v10.3/MCU/ARM_GCC_Support/ewl/lib/armv6-m\libc.a(strlen.o)
 .comment       0x00000000       0x7a C:/Freescale/CW MCU v10.3/MCU/ARM_GCC_Support/ewl/lib/armv6-m\librt.a(gcc_ctor_dtor.o)
 .comment       0x00000000       0x7a C:/Freescale/CW MCU v10.3/MCU/ARM_GCC_Support/ewl/lib/armv6-m\librt.a(ROMCopy.o)
 .comment       0x00000000       0x7a C:/Freescale/CW MCU v10.3/MCU/ARM_GCC_Support/ewl/lib/armv6-m\librt.a(__arm_eabi_init.o)

.debug_frame    0x00000000      0x6b8
 .debug_frame   0x00000000       0x90 ./Sources/LED_c.obj
 .debug_frame   0x00000090       0x2c ./Sources/MCG_c.obj
 .debug_frame   0x000000bc       0x2c ./Sources/MCU_init_c.obj
 .debug_frame   0x000000e8       0x2c ./Sources/Puertos_c.obj
 .debug_frame   0x00000114       0x30 ./Sources/UART_c.obj
 .debug_frame   0x00000144       0x30 ./Sources/main_c.obj
 .debug_frame   0x00000174       0x30 ./Project_Settings/Startup_Code/__arm_end_c.obj
 .debug_frame   0x000001a4       0x4c ./Project_Settings/Startup_Code/__arm_start_c.obj
 .debug_frame   0x000001f0       0x48 ./Project_Settings/Startup_Code/kinetis_sysinit_c.obj
 .debug_frame   0x00000238       0x2c C:/Freescale/CW MCU v10.3/MCU/ARM_GCC_Support/ewl/lib/armv6-m\libc.a(exit.o)
 .debug_frame   0x00000264       0x28 C:/Freescale/CW MCU v10.3/MCU/ARM_GCC_Support/ewl/lib/armv6-m\libc.a(memset.o)
 .debug_frame   0x0000028c       0x54 C:/Freescale/CW MCU v10.3/MCU/ARM_GCC_Support/ewl/lib/armv6-m\libc.a(printformat_.o)
 .debug_frame   0x000002e0       0x34 C:/Freescale/CW MCU v10.3/MCU/ARM_GCC_Support/ewl/lib/armv6-m\libc.a(scanformat_.o)
 .debug_frame   0x00000314      0x158 C:/Freescale/CW MCU v10.3/MCU/ARM_GCC_Support/ewl/lib/armv6-m\libc.a(ctype_aeabi.o)
 .debug_frame   0x0000046c       0x30 C:/Freescale/CW MCU v10.3/MCU/ARM_GCC_Support/ewl/lib/armv6-m\libc.a(__strtoul.o)
 .debug_frame   0x0000049c       0x2c C:/Freescale/CW MCU v10.3/MCU/ARM_GCC_Support/ewl/lib/armv6-m\libc.a(__filll_mem.o)
 .debug_frame   0x000004c8       0x28 C:/Freescale/CW MCU v10.3/MCU/ARM_GCC_Support/ewl/lib/armv6-m\libc.a(memchr.o)
 .debug_frame   0x000004f0       0x28 C:/Freescale/CW MCU v10.3/MCU/ARM_GCC_Support/ewl/lib/armv6-m\libc.a(strchr.o)
 .debug_frame   0x00000518       0x28 C:/Freescale/CW MCU v10.3/MCU/ARM_GCC_Support/ewl/lib/armv6-m\libc.a(strlen.o)
 .debug_frame   0x00000540       0x20 c:/freescale/cw mcu v10.3/cross_tools/arm-none-eabi-gcc-4_6_2/bin/../lib/gcc/arm-none-eabi/4.6.2/armv6-m\libgcc.a(_udivsi3.o)
 .debug_frame   0x00000560       0x48 C:/Freescale/CW MCU v10.3/MCU/ARM_GCC_Support/ewl/lib/armv6-m\librt.a(gcc_ctor_dtor.o)
 .debug_frame   0x000005a8       0x54 C:/Freescale/CW MCU v10.3/MCU/ARM_GCC_Support/ewl/lib/armv6-m\librt.a(ROMCopy.o)
 .debug_frame   0x000005fc       0xbc C:/Freescale/CW MCU v10.3/MCU/ARM_GCC_Support/ewl/lib/armv6-m\librt.a(__arm_eabi_init.o)
