   1              		.cpu cortex-m0
   2              		.fpu softvfp
   3              		.eabi_attribute 20, 1
   4              		.eabi_attribute 21, 1
   5              		.eabi_attribute 23, 3
   6              		.eabi_attribute 24, 1
   7              		.eabi_attribute 25, 1
   8              		.eabi_attribute 26, 1
   9              		.eabi_attribute 30, 6
  10              		.eabi_attribute 34, 0
  11              		.eabi_attribute 18, 4
  12              		.code	16
  13              		.file	"MCU_init.c"
  14              		.text
  15              	.Ltext0:
  16              		.cfi_sections	.debug_frame
  17              		.section	.text.init,"ax",%progbits
  18              		.align	2
  19              		.global	init
  20              		.code	16
  21              		.thumb_func
  23              	init:
  24              	.LFB0:
  25              		.file 1 "../Sources/MCU_init.c"
   1:../Sources/MCU_init.c **** /*
   2:../Sources/MCU_init.c ****  * MCU_init.c
   3:../Sources/MCU_init.c ****  *
   4:../Sources/MCU_init.c ****  *  Created on: Mar 14, 2013
   5:../Sources/MCU_init.c ****  *      Author: erick
   6:../Sources/MCU_init.c ****  */
   7:../Sources/MCU_init.c **** #include "MCU_init.h"
   8:../Sources/MCU_init.c **** 
   9:../Sources/MCU_init.c **** void init()
  10:../Sources/MCU_init.c **** {
  26              		.loc 1 10 0
  27              		.cfi_startproc
  28 0000 80B5     		push	{r7, lr}
  29              	.LCFI0:
  30              		.cfi_def_cfa_offset 8
  31              		.cfi_offset 7, -8
  32              		.cfi_offset 14, -4
  33 0002 00AF     		add	r7, sp, #0
  34              	.LCFI1:
  35              		.cfi_def_cfa_register 7
  11:../Sources/MCU_init.c **** 	/** Inicialización de los puertos */
  12:../Sources/MCU_init.c **** 	ini_ports();
  36              		.loc 1 12 0
  37 0004 FFF7FEFF 		bl	ini_ports
  13:../Sources/MCU_init.c **** 	
  14:../Sources/MCU_init.c **** 	#ifdef MCU_MKL25Z4
  15:../Sources/MCU_init.c **** 	/** Inicialización del pin CLKOUT (sólo tiene efecto en el KL25Z */
  16:../Sources/MCU_init.c **** 	ini_Clkout();
  17:../Sources/MCU_init.c **** 	#endif
  18:../Sources/MCU_init.c **** 	
  19:../Sources/MCU_init.c **** 	/** Inicialización del Multipurpose Clock Generator **/
  20:../Sources/MCU_init.c **** 	init_MCG();
  38              		.loc 1 20 0
  39 0008 FFF7FEFF 		bl	init_MCG
  21:../Sources/MCU_init.c **** 		
  22:../Sources/MCU_init.c **** 	#ifdef MCU_MKL25Z4
  23:../Sources/MCU_init.c **** 	ini_Clkout();
  24:../Sources/MCU_init.c **** 	#endif	
  25:../Sources/MCU_init.c **** 		
  26:../Sources/MCU_init.c **** 		
  27:../Sources/MCU_init.c **** 	init_LED(BLUE);
  40              		.loc 1 27 0
  41 000c 0220     		mov	r0, #2
  42 000e FFF7FEFF 		bl	init_LED
  28:../Sources/MCU_init.c **** 	init_LED(RED);
  43              		.loc 1 28 0
  44 0012 0120     		mov	r0, #1
  45 0014 FFF7FEFF 		bl	init_LED
  29:../Sources/MCU_init.c **** 	init_LED(GREEN);
  46              		.loc 1 29 0
  47 0018 0320     		mov	r0, #3
  48 001a FFF7FEFF 		bl	init_LED
  30:../Sources/MCU_init.c **** 	
  31:../Sources/MCU_init.c **** 	init_UART();	
  49              		.loc 1 31 0
  50 001e FFF7FEFF 		bl	init_UART
  32:../Sources/MCU_init.c **** 	
  33:../Sources/MCU_init.c **** }
  51              		.loc 1 33 0
  52 0022 BD46     		mov	sp, r7
  53              		@ sp needed for prologue
  54 0024 80BD     		pop	{r7, pc}
  55              		.cfi_endproc
  56              	.LFE0:
  58 0026 C046     		.text
  59              	.Letext0:
DEFINED SYMBOLS
                            *ABS*:00000000 MCU_init.c
C:\Users\erick\AppData\Local\Temp\ccOYq8ae.s:18     .text.init:00000000 $t
C:\Users\erick\AppData\Local\Temp\ccOYq8ae.s:23     .text.init:00000000 init
                     .debug_frame:00000010 $d

UNDEFINED SYMBOLS
ini_ports
init_MCG
init_LED
init_UART
