   1              		.cpu cortex-m0
   2              		.fpu softvfp
   3              		.eabi_attribute 20, 1
   4              		.eabi_attribute 21, 1
   5              		.eabi_attribute 23, 3
   6              		.eabi_attribute 24, 1
   7              		.eabi_attribute 25, 1
   8              		.eabi_attribute 26, 1
   9              		.eabi_attribute 30, 6
  10              		.eabi_attribute 34, 0
  11              		.eabi_attribute 18, 4
  12              		.code	16
  13              		.file	"Puertos.c"
  14              		.text
  15              	.Ltext0:
  16              		.cfi_sections	.debug_frame
  17              		.section	.text.ini_ports,"ax",%progbits
  18              		.align	2
  19              		.global	ini_ports
  20              		.code	16
  21              		.thumb_func
  23              	ini_ports:
  24              	.LFB0:
  25              		.file 1 "../Sources/Puertos.c"
   1:../Sources/Puertos.c **** /*
   2:../Sources/Puertos.c ****  * Puertos.c
   3:../Sources/Puertos.c ****  *
   4:../Sources/Puertos.c ****  *  Created on: Mar 14, 2013
   5:../Sources/Puertos.c ****  *      Author: Arteko
   6:../Sources/Puertos.c ****  */
   7:../Sources/Puertos.c **** #include "Puertos.h"
   8:../Sources/Puertos.c **** 
   9:../Sources/Puertos.c **** 
  10:../Sources/Puertos.c **** void ini_ports()
  11:../Sources/Puertos.c **** {
  26              		.loc 1 11 0
  27              		.cfi_startproc
  28 0000 80B5     		push	{r7, lr}
  29              	.LCFI0:
  30              		.cfi_def_cfa_offset 8
  31              		.cfi_offset 7, -8
  32              		.cfi_offset 14, -4
  33 0002 00AF     		add	r7, sp, #0
  34              	.LCFI1:
  35              		.cfi_def_cfa_register 7
  12:../Sources/Puertos.c **** 	SIM_SCGC5 |= SIM_SCGC5_PORTA_MASK;
  36              		.loc 1 12 0
  37 0004 0F4A     		ldr	r2, .L2
  38 0006 0F49     		ldr	r1, .L2
  39 0008 0F4B     		ldr	r3, .L2+4
  40 000a CB58     		ldr	r3, [r1, r3]
  41 000c 8021     		mov	r1, #128
  42 000e 8900     		lsl	r1, r1, #2
  43 0010 1943     		orr	r1, r3
  44 0012 0D4B     		ldr	r3, .L2+4
  45 0014 D150     		str	r1, [r2, r3]
  13:../Sources/Puertos.c **** 	SIM_SCGC5 |= SIM_SCGC5_PORTB_MASK;
  46              		.loc 1 13 0
  47 0016 0B4A     		ldr	r2, .L2
  48 0018 0A49     		ldr	r1, .L2
  49 001a 0B4B     		ldr	r3, .L2+4
  50 001c CB58     		ldr	r3, [r1, r3]
  51 001e 8021     		mov	r1, #128
  52 0020 C900     		lsl	r1, r1, #3
  53 0022 1943     		orr	r1, r3
  54 0024 084B     		ldr	r3, .L2+4
  55 0026 D150     		str	r1, [r2, r3]
  14:../Sources/Puertos.c **** 	
  15:../Sources/Puertos.c **** 	/* Habilitamos las interrupciones en los pines de la UART A2(Tx) y A1(Rx). */
  16:../Sources/Puertos.c **** 	PORTB_PCR2 |= (PORT_PCR_ISF_MASK|PORT_PCR_MUX(2));
  56              		.loc 1 16 0
  57 0028 084B     		ldr	r3, .L2+8
  58 002a 084A     		ldr	r2, .L2+8
  59 002c 9268     		ldr	r2, [r2, #8]
  60 002e 0849     		ldr	r1, .L2+12
  61 0030 0A43     		orr	r2, r1
  62 0032 9A60     		str	r2, [r3, #8]
  17:../Sources/Puertos.c **** 	PORTB_PCR1 |= (PORT_PCR_ISF_MASK|PORT_PCR_MUX(2));
  63              		.loc 1 17 0
  64 0034 054B     		ldr	r3, .L2+8
  65 0036 054A     		ldr	r2, .L2+8
  66 0038 5268     		ldr	r2, [r2, #4]
  67 003a 0549     		ldr	r1, .L2+12
  68 003c 0A43     		orr	r2, r1
  69 003e 5A60     		str	r2, [r3, #4]
  18:../Sources/Puertos.c **** 	
  19:../Sources/Puertos.c **** 	/** El KL05Z no tiene puertos C y D */
  20:../Sources/Puertos.c **** 	#ifdef MCU_MKL25Z4
  21:../Sources/Puertos.c **** 	SIM_SCGC5 |= SIM_SCGC5_PORTC_MASK;
  22:../Sources/Puertos.c **** 	SIM_SCGC5 |= SIM_SCGC5_PORTD_MASK;
  23:../Sources/Puertos.c **** 	#endif
  24:../Sources/Puertos.c **** }
  70              		.loc 1 24 0
  71 0040 BD46     		mov	sp, r7
  72              		@ sp needed for prologue
  73 0042 80BD     		pop	{r7, pc}
  74              	.L3:
  75              		.align	2
  76              	.L2:
  77 0044 00700440 		.word	1074032640
  78 0048 38100000 		.word	4152
  79 004c 00A00440 		.word	1074044928
  80 0050 00020001 		.word	16777728
  81              		.cfi_endproc
  82              	.LFE0:
  84              		.text
  85              	.Letext0:
  86              		.file 2 "C:/Freescale/CW MCU v10.3/MCU/ARM_GCC_Support/ewl/EWL_C/include/cstdint"
  87              		.file 3 "C:/Users/erick/Documents/Servicio/workspace/MCG/Project_Headers/MKL05Z4.h"
DEFINED SYMBOLS
                            *ABS*:00000000 Puertos.c
C:\Users\erick\AppData\Local\Temp\cc5gacnp.s:18     .text.ini_ports:00000000 $t
C:\Users\erick\AppData\Local\Temp\cc5gacnp.s:23     .text.ini_ports:00000000 ini_ports
C:\Users\erick\AppData\Local\Temp\cc5gacnp.s:77     .text.ini_ports:00000044 $d
                     .debug_frame:00000010 $d

NO UNDEFINED SYMBOLS
